[05:38:48] [ServerMain/INFO]: Environment: Environment[sessionHost=https://sessionserver.mojang.com, servicesHost=https://api.minecraftservices.com, profilesHost=https://api.mojang.com, name=PROD]
[05:38:50] [ServerMain/INFO]: Loaded 1470 recipes
[05:38:50] [ServerMain/INFO]: Loaded 1584 advancements
[05:38:50] [Server thread/INFO]: Starting minecraft server version 1.21.11
[05:38:50] [Server thread/INFO]: Loading properties
[05:38:50] [Server thread/INFO]: Default game type: SURVIVAL
[05:38:50] [Server thread/INFO]: Generating keypair
[05:38:50] [Server thread/INFO]: Starting Minecraft server on *:25565
[05:38:50] [Server thread/WARN]: **** SERVER IS RUNNING IN OFFLINE/INSECURE MODE!
[05:38:50] [Server thread/WARN]: The server will make no attempt to authenticate usernames. Beware.
[05:38:50] [Server thread/WARN]: While this makes the game possible to play without internet access, it also opens up the ability for hackers to connect with any username they choose.
[05:38:50] [Server thread/WARN]: To change this, set "online-mode" to "true" in the server.properties file.
[05:38:50] [Server thread/INFO]: Preparing level "world"
[05:38:51] [Server thread/INFO]: Loading 0 persistent chunks...
[05:38:51] [Server thread/INFO]: Preparing spawn area: 100%
[05:38:51] [Server thread/INFO]: Time elapsed: 14 ms
[05:38:51] [Server thread/INFO]: Done (0.686s)! For help, type "help"
[05:39:51] [Server thread/INFO]: Server empty for 60 seconds, pausing
[05:47:25] [Server thread/INFO]: Welsh[/127.119.161.129:33135] logged in with entity id 87 at (-52.6006301607495, 65.0, 13.471508344422801)
[05:47:25] [Server thread/INFO]: Welsh joined the game
[05:48:18] [Server thread/INFO]: Welsh lost connection: Disconnected
[05:48:18] [Server thread/INFO]: Welsh left the game
